[+] Containers:
 |- [+] Container: /Game/Levels/L_CutScene
 |   |- [+] ActorDescs:
 |   |   |- Guid:F6C1098746F5738788266B84779DDE3F BaseClass: NativeClass:/Script/Engine.WorldDataLayers Name:WorldDataLayers Label:WorldDataLayers SpatiallyLoaded:0 Bounds:Invalid RuntimeGrid:None EditorOnly:0 RuntimeOnly:0 HLODRelevant:0 ListedInSceneOutliner:1 IsMainWorldOnly:1
 |   |- [+] Clusters:
 |   |   |- [+] [  0]
 |   |   |   |- Guid:F6C1098746F5738788266B84779DDE3F BaseClass: NativeClass:/Script/Engine.WorldDataLayers Name:WorldDataLayers Label:WorldDataLayers SpatiallyLoaded:0 Bounds:Invalid RuntimeGrid:None EditorOnly:0 RuntimeOnly:0 HLODRelevant:0 ListedInSceneOutliner:1 IsMainWorldOnly:1
 |- ContainerInstances:
 |- [+] MainContainer:
 |   |-        ID: 00000000000000000000000000000000
 |   |-  ParentID: 00000000000000000000000000000000
 |   |-    Bounds: IsValid=false, Min=(X=0.000 Y=0.000 Z=0.000), Max=(X=0.000 Y=0.000 Z=0.000)
 |   |- Transform: 0.000000,0.000000,0.000000|0.000000,0.000000,-0.000000|1.000000,1.000000,1.000000
 |   |- Container: /Game/Levels/L_CutScene
----------------------------------------------------------------------------------------------------------------
L_CutScene - Persistent Level
----------------------------------------------------------------------------------------------------------------
[+] Content of L_CutScene Persistent Level
 |- Always loaded Actor Count: 7 
 |- Actor Path: /Game/Levels/L_CutScene.L_CutScene:PersistentLevel.AbstractNavData-Default
 |- Actor Package: /Game/Levels/L_CutScene
 |- Actor Path: /Game/Levels/L_CutScene.L_CutScene:PersistentLevel.Brush_0
 |- Actor Package: /Game/Levels/L_CutScene
 |- Actor Path: /Game/Levels/L_CutScene.L_CutScene:PersistentLevel.DefaultPhysicsVolume_0
 |- Actor Package: /Game/Levels/L_CutScene
 |- Actor Path: /Game/Levels/L_CutScene.L_CutScene:PersistentLevel.GameplayDebuggerPlayerManager_0
 |- Actor Package: /Game/Levels/L_CutScene
 |- Actor Path: /Game/Levels/L_CutScene.L_CutScene:PersistentLevel.L_CutScene_C_1
 |- Actor Package: /Game/Levels/L_CutScene
 |- Actor Path: /Game/Levels/L_CutScene.L_CutScene:PersistentLevel.WorldDataLayers
 |- Actor Package: /Game/__ExternalActors__/Levels/L_CutScene/5/78/76HBTQ5IRJ8XYF8MR7FOLL
 |- Actor Path: /Game/Levels/L_CutScene.L_CutScene:PersistentLevel.WorldInfo_0
 |- Actor Package: /Game/Levels/L_CutScene

----------------------------------------------------------------------------------------------------------------
L_CutScene - Runtime Spatial Hash - Streaming Grid - MainGrid
----------------------------------------------------------------------------------------------------------------
            Origin: X=0.000 Y=0.000 Z=0.000
         Cell Size: 12800
      World Bounds: IsValid=false, Min=(X=0.000 Y=0.000 Z=0.000), Max=(X=0.000 Y=0.000 Z=0.000)
     Loading Range: 25600.00
Block Slow Loading: No
 ClientOnlyVisible: No
            Origin: X=0.000 Y=0.000 Z=0.000

[+] Grid Levels: 1
 |- Level  0: Cell Count    0 | Cell Size   12800 | Actor Count    0 (0.0%)

[+] Content of Grid Level 0

